Analysis & Elaboration report for DE0_CV
Fri May 15 14:06:25 2026
Quartus Prime Version 19.1.0 Build 670 09/22/2019 SJ Lite Edition


---------------------
; Table of Contents ;
---------------------
  1. Legal Notice
  2. Analysis & Elaboration Summary
  3. Parallel Compilation
  4. Analysis & Elaboration Settings
  5. Analysis & Elaboration Messages



----------------
; Legal Notice ;
----------------
Copyright (C) 2019  Intel Corporation. All rights reserved.
Your use of Intel Corporation's design tools, logic functions 
and other software and tools, and any partner logic 
functions, and any output files from any of the foregoing 
(including device programming or simulation files), and any 
associated documentation or information are expressly subject 
to the terms and conditions of the Intel Program License 
Subscription Agreement, the Intel Quartus Prime License Agreement,
the Intel FPGA IP License Agreement, or other applicable license
agreement, including, without limitation, that your use is for
the sole purpose of programming logic devices manufactured by
Intel and sold by Intel or its authorized distributors.  Please
refer to the applicable agreement for further details, at
https://fpgasoftware.intel.com/eula.



+-----------------------------------------------------------------------------+
; Analysis & Elaboration Summary                                              ;
+-------------------------------+---------------------------------------------+
; Analysis & Elaboration Status ; Successful - Fri May 15 14:06:25 2026       ;
; Quartus Prime Version         ; 19.1.0 Build 670 09/22/2019 SJ Lite Edition ;
; Revision Name                 ; DE0_CV                                      ;
; Top-level Entity Name         ; escape                                      ;
; Family                        ; Cyclone V                                   ;
; Logic utilization (in ALMs)   ; N/A until Partition Merge                   ;
; Total registers               ; N/A until Partition Merge                   ;
; Total pins                    ; N/A until Partition Merge                   ;
; Total virtual pins            ; N/A until Partition Merge                   ;
; Total block memory bits       ; N/A until Partition Merge                   ;
; Total PLLs                    ; N/A until Partition Merge                   ;
; Total DLLs                    ; N/A until Partition Merge                   ;
+-------------------------------+---------------------------------------------+


+------------------------------------------+
; Parallel Compilation                     ;
+----------------------------+-------------+
; Processors                 ; Number      ;
+----------------------------+-------------+
; Number detected on machine ; 16          ;
; Maximum allowed            ; 10          ;
;                            ;             ;
; Average used               ; 1.00        ;
; Maximum used               ; 1           ;
;                            ;             ;
; Usage by Processor         ; % Time Used ;
;     Processor 1            ; 100.0%      ;
+----------------------------+-------------+


+---------------------------------------------------------------------------------------------------------------------------+
; Analysis & Elaboration Settings                                                                                           ;
+---------------------------------------------------------------------------------+--------------------+--------------------+
; Option                                                                          ; Setting            ; Default Value      ;
+---------------------------------------------------------------------------------+--------------------+--------------------+
; Device                                                                          ; 5CEBA4F23C7        ;                    ;
; Top-level entity name                                                           ; escape             ; DE0_CV             ;
; Family name                                                                     ; Cyclone V          ; Cyclone V          ;
; Use smart compilation                                                           ; Off                ; Off                ;
; Enable parallel Assembler and Timing Analyzer during compilation                ; On                 ; On                 ;
; Enable compact report table                                                     ; Off                ; Off                ;
; Restructure Multiplexers                                                        ; Auto               ; Auto               ;
; MLAB Add Timing Constraints For Mixed-Port Feed-Through Mode Setting Don't Care ; Off                ; Off                ;
; Create Debugging Nodes for IP Cores                                             ; Off                ; Off                ;
; Preserve fewer node names                                                       ; On                 ; On                 ;
; Intel FPGA IP Evaluation Mode                                                   ; Enable             ; Enable             ;
; Verilog Version                                                                 ; Verilog_2001       ; Verilog_2001       ;
; VHDL Version                                                                    ; VHDL_1993          ; VHDL_1993          ;
; State Machine Processing                                                        ; Auto               ; Auto               ;
; Safe State Machine                                                              ; Off                ; Off                ;
; Extract Verilog State Machines                                                  ; On                 ; On                 ;
; Extract VHDL State Machines                                                     ; On                 ; On                 ;
; Ignore Verilog initial constructs                                               ; Off                ; Off                ;
; Iteration limit for constant Verilog loops                                      ; 5000               ; 5000               ;
; Iteration limit for non-constant Verilog loops                                  ; 250                ; 250                ;
; Add Pass-Through Logic to Inferred RAMs                                         ; On                 ; On                 ;
; Infer RAMs from Raw Logic                                                       ; On                 ; On                 ;
; Parallel Synthesis                                                              ; On                 ; On                 ;
; DSP Block Balancing                                                             ; Auto               ; Auto               ;
; NOT Gate Push-Back                                                              ; On                 ; On                 ;
; Power-Up Don't Care                                                             ; On                 ; On                 ;
; Remove Redundant Logic Cells                                                    ; Off                ; Off                ;
; Remove Duplicate Registers                                                      ; On                 ; On                 ;
; Ignore CARRY Buffers                                                            ; Off                ; Off                ;
; Ignore CASCADE Buffers                                                          ; Off                ; Off                ;
; Ignore GLOBAL Buffers                                                           ; Off                ; Off                ;
; Ignore ROW GLOBAL Buffers                                                       ; Off                ; Off                ;
; Ignore LCELL Buffers                                                            ; Off                ; Off                ;
; Ignore SOFT Buffers                                                             ; On                 ; On                 ;
; Limit AHDL Integers to 32 Bits                                                  ; Off                ; Off                ;
; Optimization Technique                                                          ; Balanced           ; Balanced           ;
; Carry Chain Length                                                              ; 70                 ; 70                 ;
; Auto Carry Chains                                                               ; On                 ; On                 ;
; Auto Open-Drain Pins                                                            ; On                 ; On                 ;
; Perform WYSIWYG Primitive Resynthesis                                           ; Off                ; Off                ;
; Auto ROM Replacement                                                            ; On                 ; On                 ;
; Auto RAM Replacement                                                            ; On                 ; On                 ;
; Auto DSP Block Replacement                                                      ; On                 ; On                 ;
; Auto Shift Register Replacement                                                 ; Auto               ; Auto               ;
; Allow Shift Register Merging across Hierarchies                                 ; Auto               ; Auto               ;
; Auto Clock Enable Replacement                                                   ; On                 ; On                 ;
; Strict RAM Replacement                                                          ; Off                ; Off                ;
; Allow Synchronous Control Signals                                               ; On                 ; On                 ;
; Force Use of Synchronous Clear Signals                                          ; Off                ; Off                ;
; Auto Resource Sharing                                                           ; Off                ; Off                ;
; Allow Any RAM Size For Recognition                                              ; Off                ; Off                ;
; Allow Any ROM Size For Recognition                                              ; Off                ; Off                ;
; Allow Any Shift Register Size For Recognition                                   ; Off                ; Off                ;
; Use LogicLock Constraints during Resource Balancing                             ; On                 ; On                 ;
; Ignore translate_off and synthesis_off directives                               ; Off                ; Off                ;
; Timing-Driven Synthesis                                                         ; On                 ; On                 ;
; Report Parameter Settings                                                       ; On                 ; On                 ;
; Report Source Assignments                                                       ; On                 ; On                 ;
; Report Connectivity Checks                                                      ; On                 ; On                 ;
; Ignore Maximum Fan-Out Assignments                                              ; Off                ; Off                ;
; Synchronization Register Chain Length                                           ; 3                  ; 3                  ;
; Power Optimization During Synthesis                                             ; Normal compilation ; Normal compilation ;
; HDL message level                                                               ; Level2             ; Level2             ;
; Suppress Register Optimization Related Messages                                 ; Off                ; Off                ;
; Number of Removed Registers Reported in Synthesis Report                        ; 5000               ; 5000               ;
; Number of Swept Nodes Reported in Synthesis Report                              ; 5000               ; 5000               ;
; Number of Inverted Registers Reported in Synthesis Report                       ; 100                ; 100                ;
; Clock MUX Protection                                                            ; On                 ; On                 ;
; Auto Gated Clock Conversion                                                     ; Off                ; Off                ;
; Block Design Naming                                                             ; Auto               ; Auto               ;
; SDC constraint protection                                                       ; Off                ; Off                ;
; Synthesis Effort                                                                ; Auto               ; Auto               ;
; Shift Register Replacement - Allow Asynchronous Clear Signal                    ; On                 ; On                 ;
; Pre-Mapping Resynthesis Optimization                                            ; Off                ; Off                ;
; Analysis & Synthesis Message Level                                              ; Medium             ; Medium             ;
; Disable Register Merging Across Hierarchies                                     ; Auto               ; Auto               ;
; Resource Aware Inference For Block RAM                                          ; On                 ; On                 ;
; Automatic Parallel Synthesis                                                    ; On                 ; On                 ;
; Partial Reconfiguration Bitstream ID                                            ; Off                ; Off                ;
+---------------------------------------------------------------------------------+--------------------+--------------------+


+---------------------------------+
; Analysis & Elaboration Messages ;
+---------------------------------+
Info: *******************************************************************
Info: Running Quartus Prime Analysis & Elaboration
    Info: Version 19.1.0 Build 670 09/22/2019 SJ Lite Edition
    Info: Processing started: Fri May 15 14:06:15 2026
Info: Command: quartus_map --read_settings_files=on --write_settings_files=off DE0_CV -c DE0_CV --analysis_and_elaboration
Warning (18236): Number of processors has not been specified which may cause overloading on shared machines.  Set the global assignment NUM_PARALLEL_PROCESSORS in your QSF to an appropriate value for best performance.
Info (20030): Parallel compilation is enabled and will use 10 of the 10 processors detected
Info (12021): Found 1 design units, including 1 entities, in source file design/tdi.sv
    Info (12023): Found entity 1: TDI File: C:/Users/user/Downloads/HW11_Maze/DE0_CV/design/TDI.sv Line: 1
Info (12021): Found 1 design units, including 1 entities, in source file design/spi_rx.sv
    Info (12023): Found entity 1: spi_rx File: C:/Users/user/Downloads/HW11_Maze/DE0_CV/design/spi_rx.sv Line: 1
Info (12021): Found 1 design units, including 1 entities, in source file design/escape.sv
    Info (12023): Found entity 1: escape File: C:/Users/user/Downloads/HW11_Maze/DE0_CV/design/escape.sv Line: 1
Warning (10236): Verilog HDL Implicit Net warning at TDI.sv(22): created implicit net for "wrreq" File: C:/Users/user/Downloads/HW11_Maze/DE0_CV/design/TDI.sv Line: 22
Info (12127): Elaborating entity "escape" for the top level hierarchy
Warning (10230): Verilog HDL assignment warning at escape.sv(49): truncated value with size 32 to match size of target (10) File: C:/Users/user/Downloads/HW11_Maze/DE0_CV/design/escape.sv Line: 49
Warning (10230): Verilog HDL assignment warning at escape.sv(50): truncated value with size 32 to match size of target (11) File: C:/Users/user/Downloads/HW11_Maze/DE0_CV/design/escape.sv Line: 50
Warning (10230): Verilog HDL assignment warning at escape.sv(56): truncated value with size 32 to match size of target (5) File: C:/Users/user/Downloads/HW11_Maze/DE0_CV/design/escape.sv Line: 56
Warning (10230): Verilog HDL assignment warning at escape.sv(59): truncated value with size 32 to match size of target (5) File: C:/Users/user/Downloads/HW11_Maze/DE0_CV/design/escape.sv Line: 59
Warning (10230): Verilog HDL assignment warning at escape.sv(75): truncated value with size 32 to match size of target (9) File: C:/Users/user/Downloads/HW11_Maze/DE0_CV/design/escape.sv Line: 75
Warning (10230): Verilog HDL assignment warning at escape.sv(102): truncated value with size 4 to match size of target (2) File: C:/Users/user/Downloads/HW11_Maze/DE0_CV/design/escape.sv Line: 102
Warning (10230): Verilog HDL assignment warning at escape.sv(103): truncated value with size 32 to match size of target (5) File: C:/Users/user/Downloads/HW11_Maze/DE0_CV/design/escape.sv Line: 103
Warning (10230): Verilog HDL assignment warning at escape.sv(105): truncated value with size 32 to match size of target (10) File: C:/Users/user/Downloads/HW11_Maze/DE0_CV/design/escape.sv Line: 105
Warning (10230): Verilog HDL assignment warning at escape.sv(118): truncated value with size 4 to match size of target (2) File: C:/Users/user/Downloads/HW11_Maze/DE0_CV/design/escape.sv Line: 118
Warning (10230): Verilog HDL assignment warning at escape.sv(119): truncated value with size 32 to match size of target (5) File: C:/Users/user/Downloads/HW11_Maze/DE0_CV/design/escape.sv Line: 119
Warning (10230): Verilog HDL assignment warning at escape.sv(121): truncated value with size 32 to match size of target (10) File: C:/Users/user/Downloads/HW11_Maze/DE0_CV/design/escape.sv Line: 121
Warning (10230): Verilog HDL assignment warning at escape.sv(134): truncated value with size 4 to match size of target (2) File: C:/Users/user/Downloads/HW11_Maze/DE0_CV/design/escape.sv Line: 134
Warning (10230): Verilog HDL assignment warning at escape.sv(135): truncated value with size 32 to match size of target (5) File: C:/Users/user/Downloads/HW11_Maze/DE0_CV/design/escape.sv Line: 135
Warning (10230): Verilog HDL assignment warning at escape.sv(137): truncated value with size 32 to match size of target (10) File: C:/Users/user/Downloads/HW11_Maze/DE0_CV/design/escape.sv Line: 137
Warning (10230): Verilog HDL assignment warning at escape.sv(150): truncated value with size 4 to match size of target (2) File: C:/Users/user/Downloads/HW11_Maze/DE0_CV/design/escape.sv Line: 150
Warning (10230): Verilog HDL assignment warning at escape.sv(151): truncated value with size 32 to match size of target (5) File: C:/Users/user/Downloads/HW11_Maze/DE0_CV/design/escape.sv Line: 151
Warning (10230): Verilog HDL assignment warning at escape.sv(153): truncated value with size 32 to match size of target (10) File: C:/Users/user/Downloads/HW11_Maze/DE0_CV/design/escape.sv Line: 153
Warning (10230): Verilog HDL assignment warning at escape.sv(168): truncated value with size 4 to match size of target (2) File: C:/Users/user/Downloads/HW11_Maze/DE0_CV/design/escape.sv Line: 168
Warning (10230): Verilog HDL assignment warning at escape.sv(169): truncated value with size 32 to match size of target (5) File: C:/Users/user/Downloads/HW11_Maze/DE0_CV/design/escape.sv Line: 169
Warning (10230): Verilog HDL assignment warning at escape.sv(171): truncated value with size 32 to match size of target (10) File: C:/Users/user/Downloads/HW11_Maze/DE0_CV/design/escape.sv Line: 171
Warning (10230): Verilog HDL assignment warning at escape.sv(184): truncated value with size 4 to match size of target (2) File: C:/Users/user/Downloads/HW11_Maze/DE0_CV/design/escape.sv Line: 184
Warning (10230): Verilog HDL assignment warning at escape.sv(185): truncated value with size 32 to match size of target (5) File: C:/Users/user/Downloads/HW11_Maze/DE0_CV/design/escape.sv Line: 185
Warning (10230): Verilog HDL assignment warning at escape.sv(187): truncated value with size 32 to match size of target (10) File: C:/Users/user/Downloads/HW11_Maze/DE0_CV/design/escape.sv Line: 187
Warning (10230): Verilog HDL assignment warning at escape.sv(200): truncated value with size 4 to match size of target (2) File: C:/Users/user/Downloads/HW11_Maze/DE0_CV/design/escape.sv Line: 200
Warning (10230): Verilog HDL assignment warning at escape.sv(201): truncated value with size 32 to match size of target (5) File: C:/Users/user/Downloads/HW11_Maze/DE0_CV/design/escape.sv Line: 201
Warning (10230): Verilog HDL assignment warning at escape.sv(203): truncated value with size 32 to match size of target (10) File: C:/Users/user/Downloads/HW11_Maze/DE0_CV/design/escape.sv Line: 203
Warning (10230): Verilog HDL assignment warning at escape.sv(216): truncated value with size 4 to match size of target (2) File: C:/Users/user/Downloads/HW11_Maze/DE0_CV/design/escape.sv Line: 216
Warning (10230): Verilog HDL assignment warning at escape.sv(217): truncated value with size 32 to match size of target (5) File: C:/Users/user/Downloads/HW11_Maze/DE0_CV/design/escape.sv Line: 217
Warning (10230): Verilog HDL assignment warning at escape.sv(219): truncated value with size 32 to match size of target (10) File: C:/Users/user/Downloads/HW11_Maze/DE0_CV/design/escape.sv Line: 219
Warning (10230): Verilog HDL assignment warning at escape.sv(234): truncated value with size 4 to match size of target (2) File: C:/Users/user/Downloads/HW11_Maze/DE0_CV/design/escape.sv Line: 234
Warning (10230): Verilog HDL assignment warning at escape.sv(235): truncated value with size 32 to match size of target (5) File: C:/Users/user/Downloads/HW11_Maze/DE0_CV/design/escape.sv Line: 235
Warning (10230): Verilog HDL assignment warning at escape.sv(237): truncated value with size 32 to match size of target (10) File: C:/Users/user/Downloads/HW11_Maze/DE0_CV/design/escape.sv Line: 237
Warning (10230): Verilog HDL assignment warning at escape.sv(250): truncated value with size 4 to match size of target (2) File: C:/Users/user/Downloads/HW11_Maze/DE0_CV/design/escape.sv Line: 250
Warning (10230): Verilog HDL assignment warning at escape.sv(251): truncated value with size 32 to match size of target (5) File: C:/Users/user/Downloads/HW11_Maze/DE0_CV/design/escape.sv Line: 251
Warning (10230): Verilog HDL assignment warning at escape.sv(253): truncated value with size 32 to match size of target (10) File: C:/Users/user/Downloads/HW11_Maze/DE0_CV/design/escape.sv Line: 253
Warning (10230): Verilog HDL assignment warning at escape.sv(266): truncated value with size 4 to match size of target (2) File: C:/Users/user/Downloads/HW11_Maze/DE0_CV/design/escape.sv Line: 266
Warning (10230): Verilog HDL assignment warning at escape.sv(267): truncated value with size 32 to match size of target (5) File: C:/Users/user/Downloads/HW11_Maze/DE0_CV/design/escape.sv Line: 267
Warning (10230): Verilog HDL assignment warning at escape.sv(269): truncated value with size 32 to match size of target (10) File: C:/Users/user/Downloads/HW11_Maze/DE0_CV/design/escape.sv Line: 269
Warning (10230): Verilog HDL assignment warning at escape.sv(282): truncated value with size 4 to match size of target (2) File: C:/Users/user/Downloads/HW11_Maze/DE0_CV/design/escape.sv Line: 282
Warning (10230): Verilog HDL assignment warning at escape.sv(283): truncated value with size 32 to match size of target (5) File: C:/Users/user/Downloads/HW11_Maze/DE0_CV/design/escape.sv Line: 283
Warning (10230): Verilog HDL assignment warning at escape.sv(285): truncated value with size 32 to match size of target (10) File: C:/Users/user/Downloads/HW11_Maze/DE0_CV/design/escape.sv Line: 285
Warning (10230): Verilog HDL assignment warning at escape.sv(300): truncated value with size 4 to match size of target (2) File: C:/Users/user/Downloads/HW11_Maze/DE0_CV/design/escape.sv Line: 300
Warning (10230): Verilog HDL assignment warning at escape.sv(301): truncated value with size 32 to match size of target (5) File: C:/Users/user/Downloads/HW11_Maze/DE0_CV/design/escape.sv Line: 301
Warning (10230): Verilog HDL assignment warning at escape.sv(303): truncated value with size 32 to match size of target (10) File: C:/Users/user/Downloads/HW11_Maze/DE0_CV/design/escape.sv Line: 303
Warning (10230): Verilog HDL assignment warning at escape.sv(316): truncated value with size 4 to match size of target (2) File: C:/Users/user/Downloads/HW11_Maze/DE0_CV/design/escape.sv Line: 316
Warning (10230): Verilog HDL assignment warning at escape.sv(317): truncated value with size 32 to match size of target (5) File: C:/Users/user/Downloads/HW11_Maze/DE0_CV/design/escape.sv Line: 317
Warning (10230): Verilog HDL assignment warning at escape.sv(319): truncated value with size 32 to match size of target (10) File: C:/Users/user/Downloads/HW11_Maze/DE0_CV/design/escape.sv Line: 319
Warning (10230): Verilog HDL assignment warning at escape.sv(332): truncated value with size 4 to match size of target (2) File: C:/Users/user/Downloads/HW11_Maze/DE0_CV/design/escape.sv Line: 332
Warning (10230): Verilog HDL assignment warning at escape.sv(333): truncated value with size 32 to match size of target (5) File: C:/Users/user/Downloads/HW11_Maze/DE0_CV/design/escape.sv Line: 333
Warning (10230): Verilog HDL assignment warning at escape.sv(335): truncated value with size 32 to match size of target (10) File: C:/Users/user/Downloads/HW11_Maze/DE0_CV/design/escape.sv Line: 335
Warning (10230): Verilog HDL assignment warning at escape.sv(348): truncated value with size 4 to match size of target (2) File: C:/Users/user/Downloads/HW11_Maze/DE0_CV/design/escape.sv Line: 348
Warning (10230): Verilog HDL assignment warning at escape.sv(349): truncated value with size 32 to match size of target (5) File: C:/Users/user/Downloads/HW11_Maze/DE0_CV/design/escape.sv Line: 349
Warning (10230): Verilog HDL assignment warning at escape.sv(351): truncated value with size 32 to match size of target (10) File: C:/Users/user/Downloads/HW11_Maze/DE0_CV/design/escape.sv Line: 351
Info (10008): Verilog HDL or VHDL information: EDA Netlist Writer cannot regroup multidimensional array "map" into its bus
Info: Quartus Prime Analysis & Elaboration was successful. 0 errors, 55 warnings
    Info: Peak virtual memory: 4945 megabytes
    Info: Processing ended: Fri May 15 14:06:26 2026
    Info: Elapsed time: 00:00:11
    Info: Total CPU time (on all processors): 00:00:16


