Analysis & Elaboration report for DE0_CV
Sun May 10 21:45:57 2026
Quartus Prime Version 19.1.0 Build 670 09/22/2019 SJ Lite Edition


---------------------
; Table of Contents ;
---------------------
  1. Legal Notice
  2. Analysis & Elaboration Summary
  3. Parallel Compilation
  4. Analysis & Elaboration IP Cores Summary
  5. Source assignments for fifo:fifo_1|scfifo:scfifo_component|scfifo_7ld1:auto_generated|a_dpfifo_00a1:dpfifo|altsyncram_04t1:FIFOram
  6. Parameter Settings for User Entity Instance: fifo:fifo_1|scfifo:scfifo_component
  7. scfifo Parameter Settings by Entity Instance
  8. Analysis & Elaboration Settings
  9. Port Connectivity Checks: "fifo:fifo_1"
 10. Analysis & Elaboration Messages
 11. Analysis & Elaboration Suppressed Messages



----------------
; Legal Notice ;
----------------
Copyright (C) 2019  Intel Corporation. All rights reserved.
Your use of Intel Corporation's design tools, logic functions 
and other software and tools, and any partner logic 
functions, and any output files from any of the foregoing 
(including device programming or simulation files), and any 
associated documentation or information are expressly subject 
to the terms and conditions of the Intel Program License 
Subscription Agreement, the Intel Quartus Prime License Agreement,
the Intel FPGA IP License Agreement, or other applicable license
agreement, including, without limitation, that your use is for
the sole purpose of programming logic devices manufactured by
Intel and sold by Intel or its authorized distributors.  Please
refer to the applicable agreement for further details, at
https://fpgasoftware.intel.com/eula.



+-----------------------------------------------------------------------------+
; Analysis & Elaboration Summary                                              ;
+-------------------------------+---------------------------------------------+
; Analysis & Elaboration Status ; Successful - Sun May 10 21:45:57 2026       ;
; Quartus Prime Version         ; 19.1.0 Build 670 09/22/2019 SJ Lite Edition ;
; Revision Name                 ; DE0_CV                                      ;
; Top-level Entity Name         ; TDI                                         ;
; Family                        ; Cyclone V                                   ;
; Logic utilization (in ALMs)   ; N/A until Partition Merge                   ;
; Total registers               ; N/A until Partition Merge                   ;
; Total pins                    ; N/A until Partition Merge                   ;
; Total virtual pins            ; N/A until Partition Merge                   ;
; Total block memory bits       ; N/A until Partition Merge                   ;
; Total PLLs                    ; N/A until Partition Merge                   ;
; Total DLLs                    ; N/A until Partition Merge                   ;
+-------------------------------+---------------------------------------------+


+------------------------------------------+
; Parallel Compilation                     ;
+----------------------------+-------------+
; Processors                 ; Number      ;
+----------------------------+-------------+
; Number detected on machine ; 16          ;
; Maximum allowed            ; 10          ;
;                            ;             ;
; Average used               ; 1.00        ;
; Maximum used               ; 1           ;
;                            ;             ;
; Usage by Processor         ; % Time Used ;
;     Processor 1            ; 100.0%      ;
+----------------------------+-------------+


+----------------------------------------------------------------------------------------------------+
; Analysis & Elaboration IP Cores Summary                                                            ;
+--------+--------------+---------+--------------+--------------+------------------+-----------------+
; Vendor ; IP Core Name ; Version ; Release Date ; License Type ; Entity Instance  ; IP Include File ;
+--------+--------------+---------+--------------+--------------+------------------+-----------------+
; Altera ; FIFO         ; 19.1    ; N/A          ; N/A          ; |TDI|fifo:fifo_1 ; fifo.v          ;
+--------+--------------+---------+--------------+--------------+------------------+-----------------+


+------------------------------------------------------------------------------------------------------------------------------------+
; Source assignments for fifo:fifo_1|scfifo:scfifo_component|scfifo_7ld1:auto_generated|a_dpfifo_00a1:dpfifo|altsyncram_04t1:FIFOram ;
+---------------------------------+--------------------+------+----------------------------------------------------------------------+
; Assignment                      ; Value              ; From ; To                                                                   ;
+---------------------------------+--------------------+------+----------------------------------------------------------------------+
; OPTIMIZE_POWER_DURING_SYNTHESIS ; NORMAL_COMPILATION ; -    ; -                                                                    ;
+---------------------------------+--------------------+------+----------------------------------------------------------------------+


+----------------------------------------------------------------------------------+
; Parameter Settings for User Entity Instance: fifo:fifo_1|scfifo:scfifo_component ;
+-------------------------+-------------+------------------------------------------+
; Parameter Name          ; Value       ; Type                                     ;
+-------------------------+-------------+------------------------------------------+
; AUTO_CARRY_CHAINS       ; ON          ; AUTO_CARRY                               ;
; IGNORE_CARRY_BUFFERS    ; OFF         ; IGNORE_CARRY                             ;
; AUTO_CASCADE_CHAINS     ; ON          ; AUTO_CASCADE                             ;
; IGNORE_CASCADE_BUFFERS  ; OFF         ; IGNORE_CASCADE                           ;
; lpm_width               ; 16          ; Signed Integer                           ;
; LPM_NUMWORDS            ; 2048        ; Signed Integer                           ;
; LPM_WIDTHU              ; 11          ; Signed Integer                           ;
; LPM_SHOWAHEAD           ; OFF         ; Untyped                                  ;
; UNDERFLOW_CHECKING      ; ON          ; Untyped                                  ;
; OVERFLOW_CHECKING       ; ON          ; Untyped                                  ;
; ALLOW_RWCYCLE_WHEN_FULL ; OFF         ; Untyped                                  ;
; ADD_RAM_OUTPUT_REGISTER ; OFF         ; Untyped                                  ;
; ALMOST_FULL_VALUE       ; 0           ; Untyped                                  ;
; ALMOST_EMPTY_VALUE      ; 50          ; Signed Integer                           ;
; ENABLE_ECC              ; FALSE       ; Untyped                                  ;
; USE_EAB                 ; ON          ; Untyped                                  ;
; MAXIMIZE_SPEED          ; 5           ; Untyped                                  ;
; DEVICE_FAMILY           ; Cyclone V   ; Untyped                                  ;
; OPTIMIZE_FOR_SPEED      ; 5           ; Untyped                                  ;
; CBXI_PARAMETER          ; scfifo_7ld1 ; Untyped                                  ;
+-------------------------+-------------+------------------------------------------+
Note: In order to hide this table in the UI and the text report file, please set the "Show Parameter Settings in Synthesis Report" option in "Analysis and Synthesis Settings -> More Settings" to "Off".


+------------------------------------------------------------------+
; scfifo Parameter Settings by Entity Instance                     ;
+----------------------------+-------------------------------------+
; Name                       ; Value                               ;
+----------------------------+-------------------------------------+
; Number of entity instances ; 1                                   ;
; Entity Instance            ; fifo:fifo_1|scfifo:scfifo_component ;
;     -- FIFO Type           ; Single Clock                        ;
;     -- lpm_width           ; 16                                  ;
;     -- LPM_NUMWORDS        ; 2048                                ;
;     -- LPM_SHOWAHEAD       ; OFF                                 ;
;     -- USE_EAB             ; ON                                  ;
+----------------------------+-------------------------------------+


+---------------------------------------------------------------------------------------------------------------------------+
; Analysis & Elaboration Settings                                                                                           ;
+---------------------------------------------------------------------------------+--------------------+--------------------+
; Option                                                                          ; Setting            ; Default Value      ;
+---------------------------------------------------------------------------------+--------------------+--------------------+
; Device                                                                          ; 5CEBA4F23C7        ;                    ;
; Top-level entity name                                                           ; TDI                ; DE0_CV             ;
; Family name                                                                     ; Cyclone V          ; Cyclone V          ;
; Use smart compilation                                                           ; Off                ; Off                ;
; Enable parallel Assembler and Timing Analyzer during compilation                ; On                 ; On                 ;
; Enable compact report table                                                     ; Off                ; Off                ;
; Restructure Multiplexers                                                        ; Auto               ; Auto               ;
; MLAB Add Timing Constraints For Mixed-Port Feed-Through Mode Setting Don't Care ; Off                ; Off                ;
; Create Debugging Nodes for IP Cores                                             ; Off                ; Off                ;
; Preserve fewer node names                                                       ; On                 ; On                 ;
; Intel FPGA IP Evaluation Mode                                                   ; Enable             ; Enable             ;
; Verilog Version                                                                 ; Verilog_2001       ; Verilog_2001       ;
; VHDL Version                                                                    ; VHDL_1993          ; VHDL_1993          ;
; State Machine Processing                                                        ; Auto               ; Auto               ;
; Safe State Machine                                                              ; Off                ; Off                ;
; Extract Verilog State Machines                                                  ; On                 ; On                 ;
; Extract VHDL State Machines                                                     ; On                 ; On                 ;
; Ignore Verilog initial constructs                                               ; Off                ; Off                ;
; Iteration limit for constant Verilog loops                                      ; 5000               ; 5000               ;
; Iteration limit for non-constant Verilog loops                                  ; 250                ; 250                ;
; Add Pass-Through Logic to Inferred RAMs                                         ; On                 ; On                 ;
; Infer RAMs from Raw Logic                                                       ; On                 ; On                 ;
; Parallel Synthesis                                                              ; On                 ; On                 ;
; DSP Block Balancing                                                             ; Auto               ; Auto               ;
; NOT Gate Push-Back                                                              ; On                 ; On                 ;
; Power-Up Don't Care                                                             ; On                 ; On                 ;
; Remove Redundant Logic Cells                                                    ; Off                ; Off                ;
; Remove Duplicate Registers                                                      ; On                 ; On                 ;
; Ignore CARRY Buffers                                                            ; Off                ; Off                ;
; Ignore CASCADE Buffers                                                          ; Off                ; Off                ;
; Ignore GLOBAL Buffers                                                           ; Off                ; Off                ;
; Ignore ROW GLOBAL Buffers                                                       ; Off                ; Off                ;
; Ignore LCELL Buffers                                                            ; Off                ; Off                ;
; Ignore SOFT Buffers                                                             ; On                 ; On                 ;
; Limit AHDL Integers to 32 Bits                                                  ; Off                ; Off                ;
; Optimization Technique                                                          ; Balanced           ; Balanced           ;
; Carry Chain Length                                                              ; 70                 ; 70                 ;
; Auto Carry Chains                                                               ; On                 ; On                 ;
; Auto Open-Drain Pins                                                            ; On                 ; On                 ;
; Perform WYSIWYG Primitive Resynthesis                                           ; Off                ; Off                ;
; Auto ROM Replacement                                                            ; On                 ; On                 ;
; Auto RAM Replacement                                                            ; On                 ; On                 ;
; Auto DSP Block Replacement                                                      ; On                 ; On                 ;
; Auto Shift Register Replacement                                                 ; Auto               ; Auto               ;
; Allow Shift Register Merging across Hierarchies                                 ; Auto               ; Auto               ;
; Auto Clock Enable Replacement                                                   ; On                 ; On                 ;
; Strict RAM Replacement                                                          ; Off                ; Off                ;
; Allow Synchronous Control Signals                                               ; On                 ; On                 ;
; Force Use of Synchronous Clear Signals                                          ; Off                ; Off                ;
; Auto Resource Sharing                                                           ; Off                ; Off                ;
; Allow Any RAM Size For Recognition                                              ; Off                ; Off                ;
; Allow Any ROM Size For Recognition                                              ; Off                ; Off                ;
; Allow Any Shift Register Size For Recognition                                   ; Off                ; Off                ;
; Use LogicLock Constraints during Resource Balancing                             ; On                 ; On                 ;
; Ignore translate_off and synthesis_off directives                               ; Off                ; Off                ;
; Timing-Driven Synthesis                                                         ; On                 ; On                 ;
; Report Parameter Settings                                                       ; On                 ; On                 ;
; Report Source Assignments                                                       ; On                 ; On                 ;
; Report Connectivity Checks                                                      ; On                 ; On                 ;
; Ignore Maximum Fan-Out Assignments                                              ; Off                ; Off                ;
; Synchronization Register Chain Length                                           ; 3                  ; 3                  ;
; Power Optimization During Synthesis                                             ; Normal compilation ; Normal compilation ;
; HDL message level                                                               ; Level2             ; Level2             ;
; Suppress Register Optimization Related Messages                                 ; Off                ; Off                ;
; Number of Removed Registers Reported in Synthesis Report                        ; 5000               ; 5000               ;
; Number of Swept Nodes Reported in Synthesis Report                              ; 5000               ; 5000               ;
; Number of Inverted Registers Reported in Synthesis Report                       ; 100                ; 100                ;
; Clock MUX Protection                                                            ; On                 ; On                 ;
; Auto Gated Clock Conversion                                                     ; Off                ; Off                ;
; Block Design Naming                                                             ; Auto               ; Auto               ;
; SDC constraint protection                                                       ; Off                ; Off                ;
; Synthesis Effort                                                                ; Auto               ; Auto               ;
; Shift Register Replacement - Allow Asynchronous Clear Signal                    ; On                 ; On                 ;
; Pre-Mapping Resynthesis Optimization                                            ; Off                ; Off                ;
; Analysis & Synthesis Message Level                                              ; Medium             ; Medium             ;
; Disable Register Merging Across Hierarchies                                     ; Auto               ; Auto               ;
; Resource Aware Inference For Block RAM                                          ; On                 ; On                 ;
; Automatic Parallel Synthesis                                                    ; On                 ; On                 ;
; Partial Reconfiguration Bitstream ID                                            ; Off                ; Off                ;
+---------------------------------------------------------------------------------+--------------------+--------------------+


+-----------------------------------------------------------------------------------------------------------------------------------------------------------------------------------+
; Port Connectivity Checks: "fifo:fifo_1"                                                                                                                                           ;
+--------------+--------+----------+------------------------------------------------------------------------------------------------------------------------------------------------+
; Port         ; Type   ; Severity ; Details                                                                                                                                        ;
+--------------+--------+----------+------------------------------------------------------------------------------------------------------------------------------------------------+
; data         ; Input  ; Warning  ; Input port expression (8 bits) is smaller than the input port (16 bits) it drives.  Extra input bit(s) "data[15..8]" will be connected to GND. ;
; almost_empty ; Output ; Info     ; Connected to dangling logic. Logic that only feeds a dangling port will be removed.                                                            ;
; empty        ; Output ; Info     ; Connected to dangling logic. Logic that only feeds a dangling port will be removed.                                                            ;
; full         ; Output ; Info     ; Connected to dangling logic. Logic that only feeds a dangling port will be removed.                                                            ;
; q            ; Output ; Warning  ; Output or bidir port (16 bits) is wider than the port expression (8 bits) it drives; bit(s) "q[15..8]" have no fanouts                         ;
; usedw        ; Output ; Info     ; Connected to dangling logic. Logic that only feeds a dangling port will be removed.                                                            ;
+--------------+--------+----------+------------------------------------------------------------------------------------------------------------------------------------------------+


+---------------------------------+
; Analysis & Elaboration Messages ;
+---------------------------------+
Info: *******************************************************************
Info: Running Quartus Prime Analysis & Elaboration
    Info: Version 19.1.0 Build 670 09/22/2019 SJ Lite Edition
    Info: Processing started: Sun May 10 21:45:49 2026
Info: Command: quartus_map --read_settings_files=on --write_settings_files=off DE0_CV -c DE0_CV --analysis_and_elaboration
Warning (18236): Number of processors has not been specified which may cause overloading on shared machines.  Set the global assignment NUM_PARALLEL_PROCESSORS in your QSF to an appropriate value for best performance.
Info (20030): Parallel compilation is enabled and will use 10 of the 10 processors detected
Info (12021): Found 1 design units, including 1 entities, in source file design/spi.sv
    Info (12023): Found entity 1: spi File: C:/Users/user/Downloads/TDI/design/spi.sv Line: 1
Info (12021): Found 1 design units, including 1 entities, in source file design/tdi.sv
    Info (12023): Found entity 1: TDI File: C:/Users/user/Downloads/TDI/design/TDI.sv Line: 1
Info (12021): Found 1 design units, including 1 entities, in source file design/rs232.sv
    Info (12023): Found entity 1: RS232 File: C:/Users/user/Downloads/TDI/design/RS232.sv Line: 1
Info (12021): Found 1 design units, including 1 entities, in source file design/rs232_rx.sv
    Info (12023): Found entity 1: rs232_rx File: C:/Users/user/Downloads/TDI/design/rs232_rx.sv Line: 1
Info (12021): Found 1 design units, including 1 entities, in source file design/rs232_tx.sv
    Info (12023): Found entity 1: rs232_tx File: C:/Users/user/Downloads/TDI/design/rs232_tx.sv Line: 1
Info (12021): Found 1 design units, including 1 entities, in source file design/low_pass_filter.sv
    Info (12023): Found entity 1: Low_Pass_Filter File: C:/Users/user/Downloads/TDI/design/Low_Pass_Filter.sv Line: 2
Info (12021): Found 1 design units, including 1 entities, in source file design/spi_rx.sv
    Info (12023): Found entity 1: spi_rx File: C:/Users/user/Downloads/TDI/design/spi_rx.sv Line: 1
Info (12021): Found 1 design units, including 1 entities, in source file pll/pll_0002.v
    Info (12023): Found entity 1: pll_0002 File: C:/Users/user/Downloads/TDI/pll/pll_0002.v Line: 2
Info (12021): Found 1 design units, including 1 entities, in source file design/de0_cv.sv
    Info (12023): Found entity 1: DE0_CV File: C:/Users/user/Downloads/TDI/design/DE0_CV.sv Line: 6
Info (12021): Found 1 design units, including 1 entities, in source file pll.v
    Info (12023): Found entity 1: pll File: C:/Users/user/Downloads/TDI/pll.v Line: 8
Info (12021): Found 1 design units, including 1 entities, in source file fifo.v
    Info (12023): Found entity 1: fifo File: C:/Users/user/Downloads/TDI/fifo.v Line: 40
Warning (10236): Verilog HDL Implicit Net warning at TDI.sv(22): created implicit net for "wrreq" File: C:/Users/user/Downloads/TDI/design/TDI.sv Line: 22
Info (12127): Elaborating entity "TDI" for the top level hierarchy
Warning (10230): Verilog HDL assignment warning at TDI.sv(70): truncated value with size 32 to match size of target (3) File: C:/Users/user/Downloads/TDI/design/TDI.sv Line: 70
Warning (10230): Verilog HDL assignment warning at TDI.sv(72): truncated value with size 32 to match size of target (3) File: C:/Users/user/Downloads/TDI/design/TDI.sv Line: 72
Warning (10230): Verilog HDL assignment warning at TDI.sv(73): truncated value with size 32 to match size of target (3) File: C:/Users/user/Downloads/TDI/design/TDI.sv Line: 73
Warning (10230): Verilog HDL assignment warning at TDI.sv(76): truncated value with size 32 to match size of target (5) File: C:/Users/user/Downloads/TDI/design/TDI.sv Line: 76
Warning (10230): Verilog HDL assignment warning at TDI.sv(87): truncated value with size 11 to match size of target (8) File: C:/Users/user/Downloads/TDI/design/TDI.sv Line: 87
Warning (10230): Verilog HDL assignment warning at TDI.sv(90): truncated value with size 32 to match size of target (11) File: C:/Users/user/Downloads/TDI/design/TDI.sv Line: 90
Info (12128): Elaborating entity "spi_rx" for hierarchy "spi_rx:spi_rx_1" File: C:/Users/user/Downloads/TDI/design/TDI.sv Line: 24
Warning (10230): Verilog HDL assignment warning at spi_rx.sv(58): truncated value with size 32 to match size of target (8) File: C:/Users/user/Downloads/TDI/design/spi_rx.sv Line: 58
Info (12128): Elaborating entity "fifo" for hierarchy "fifo:fifo_1" File: C:/Users/user/Downloads/TDI/design/TDI.sv Line: 47
Info (12128): Elaborating entity "scfifo" for hierarchy "fifo:fifo_1|scfifo:scfifo_component" File: C:/Users/user/Downloads/TDI/fifo.v Line: 87
Info (12130): Elaborated megafunction instantiation "fifo:fifo_1|scfifo:scfifo_component" File: C:/Users/user/Downloads/TDI/fifo.v Line: 87
Info (12133): Instantiated megafunction "fifo:fifo_1|scfifo:scfifo_component" with the following parameter: File: C:/Users/user/Downloads/TDI/fifo.v Line: 87
    Info (12134): Parameter "add_ram_output_register" = "OFF"
    Info (12134): Parameter "almost_empty_value" = "50"
    Info (12134): Parameter "intended_device_family" = "Cyclone V"
    Info (12134): Parameter "lpm_numwords" = "2048"
    Info (12134): Parameter "lpm_showahead" = "OFF"
    Info (12134): Parameter "lpm_type" = "scfifo"
    Info (12134): Parameter "lpm_width" = "16"
    Info (12134): Parameter "lpm_widthu" = "11"
    Info (12134): Parameter "overflow_checking" = "ON"
    Info (12134): Parameter "underflow_checking" = "ON"
    Info (12134): Parameter "use_eab" = "ON"
Info (12021): Found 1 design units, including 1 entities, in source file db/scfifo_7ld1.tdf
    Info (12023): Found entity 1: scfifo_7ld1 File: C:/Users/user/Downloads/TDI/db/scfifo_7ld1.tdf Line: 25
Info (12128): Elaborating entity "scfifo_7ld1" for hierarchy "fifo:fifo_1|scfifo:scfifo_component|scfifo_7ld1:auto_generated" File: c:/users/user/downloads/quartus/libraries/megafunctions/scfifo.tdf Line: 300
Info (12021): Found 1 design units, including 1 entities, in source file db/a_dpfifo_00a1.tdf
    Info (12023): Found entity 1: a_dpfifo_00a1 File: C:/Users/user/Downloads/TDI/db/a_dpfifo_00a1.tdf Line: 29
Info (12128): Elaborating entity "a_dpfifo_00a1" for hierarchy "fifo:fifo_1|scfifo:scfifo_component|scfifo_7ld1:auto_generated|a_dpfifo_00a1:dpfifo" File: C:/Users/user/Downloads/TDI/db/scfifo_7ld1.tdf Line: 39
Info (12021): Found 1 design units, including 1 entities, in source file db/a_fefifo_raf.tdf
    Info (12023): Found entity 1: a_fefifo_raf File: C:/Users/user/Downloads/TDI/db/a_fefifo_raf.tdf Line: 25
Info (12128): Elaborating entity "a_fefifo_raf" for hierarchy "fifo:fifo_1|scfifo:scfifo_component|scfifo_7ld1:auto_generated|a_dpfifo_00a1:dpfifo|a_fefifo_raf:fifo_state" File: C:/Users/user/Downloads/TDI/db/a_dpfifo_00a1.tdf Line: 42
Info (12021): Found 1 design units, including 1 entities, in source file db/cntr_bi7.tdf
    Info (12023): Found entity 1: cntr_bi7 File: C:/Users/user/Downloads/TDI/db/cntr_bi7.tdf Line: 26
Info (12128): Elaborating entity "cntr_bi7" for hierarchy "fifo:fifo_1|scfifo:scfifo_component|scfifo_7ld1:auto_generated|a_dpfifo_00a1:dpfifo|a_fefifo_raf:fifo_state|cntr_bi7:count_usedw" File: C:/Users/user/Downloads/TDI/db/a_fefifo_raf.tdf Line: 39
Info (12021): Found 1 design units, including 1 entities, in source file db/altsyncram_04t1.tdf
    Info (12023): Found entity 1: altsyncram_04t1 File: C:/Users/user/Downloads/TDI/db/altsyncram_04t1.tdf Line: 28
Info (12128): Elaborating entity "altsyncram_04t1" for hierarchy "fifo:fifo_1|scfifo:scfifo_component|scfifo_7ld1:auto_generated|a_dpfifo_00a1:dpfifo|altsyncram_04t1:FIFOram" File: C:/Users/user/Downloads/TDI/db/a_dpfifo_00a1.tdf Line: 43
Info (12021): Found 1 design units, including 1 entities, in source file db/cntr_vhb.tdf
    Info (12023): Found entity 1: cntr_vhb File: C:/Users/user/Downloads/TDI/db/cntr_vhb.tdf Line: 26
Info (12128): Elaborating entity "cntr_vhb" for hierarchy "fifo:fifo_1|scfifo:scfifo_component|scfifo_7ld1:auto_generated|a_dpfifo_00a1:dpfifo|cntr_vhb:rd_ptr_count" File: C:/Users/user/Downloads/TDI/db/a_dpfifo_00a1.tdf Line: 44
Warning (12241): 1 hierarchies have connectivity warnings - see the Connectivity Checks report folder
Warning (20013): Ignored 16 assignments for entity "pll" -- entity does not exist in design
    Warning (20014): Assignment for entity set_global_assignment -name IP_TOOL_NAME altera_pll -entity pll -sip pll.sip -library lib_pll was ignored
    Warning (20014): Assignment for entity set_global_assignment -name IP_TOOL_VERSION 19.1 -entity pll -sip pll.sip -library lib_pll was ignored
    Warning (20014): Assignment for entity set_global_assignment -name IP_TOOL_ENV mwpim -entity pll -sip pll.sip -library lib_pll was ignored
Warning (20013): Ignored 317 assignments for entity "pll_0002" -- entity does not exist in design
Info (144001): Generated suppressed messages file C:/Users/user/Downloads/TDI/DE0_CV.map.smsg
Info: Quartus Prime Analysis & Elaboration was successful. 0 errors, 15 warnings
    Info: Peak virtual memory: 4802 megabytes
    Info: Processing ended: Sun May 10 21:45:57 2026
    Info: Elapsed time: 00:00:08
    Info: Total CPU time (on all processors): 00:00:14


+--------------------------------------------+
; Analysis & Elaboration Suppressed Messages ;
+--------------------------------------------+
The suppressed messages can be found in C:/Users/user/Downloads/TDI/DE0_CV.map.smsg.


